// Vitest Snapshot v1, https://vitest.dev/guide/snapshot.html

exports[`should render an <App /> for / 1`] = `
<DocumentFragment>
  <div />
  <div>
    Loading...
  </div>
  <a
    aria-label="Open GitHub project"
    class="github-corner"
    href="https://github.com/elGatoMantocko/elliott-and-mycah"
    target="_blank"
  >
    <svg
      height="80"
      style="position: absolute; top: 0px; fill: #fff; right: 0px;"
      viewBox="0 0 250 250"
      width="80"
    >
      <path
        class="octo-banner"
        d="M0 0l115 115h15l12 27 108 108V0z"
        fill="#151513"
      />
      <path
        class="octo-arm"
        d="M128 109c-15-9-9-19-9-19 3-7 2-11 2-11-1-7 3-2 3-2 4 5 2 11 2 11-3 10 5 15 9 16"
        style="transform-origin: 130px 106px;"
      />
      <path
        class="octo-body"
        d="M115 115s4 2 5 0l14-14c3-2 6-3 8-3-8-11-15-24 2-41 5-5 10-7 16-7 1-2 3-7 12-11 0 0 5 3 7 16 4 2 8 5 12 9s7 8 9 12c14 3 17 7 17 7-4 8-9 11-11 11 0 6-2 11-7 16-16 16-30 10-41 2 0 3-1 7-5 11l-12 11c-1 1 1 5 1 5z"
      />
    </svg>
  </a>
</DocumentFragment>
`;

exports[`should render an <App /> for /pictures 1`] = `
<DocumentFragment>
  <div />
  <div>
    Loading...
  </div>
  <a
    aria-label="Open GitHub project"
    class="github-corner"
    href="https://github.com/elGatoMantocko/elliott-and-mycah"
    target="_blank"
  >
    <svg
      height="80"
      style="position: absolute; top: 0px; fill: #fff; right: 0px;"
      viewBox="0 0 250 250"
      width="80"
    >
      <path
        class="octo-banner"
        d="M0 0l115 115h15l12 27 108 108V0z"
        fill="#151513"
      />
      <path
        class="octo-arm"
        d="M128 109c-15-9-9-19-9-19 3-7 2-11 2-11-1-7 3-2 3-2 4 5 2 11 2 11-3 10 5 15 9 16"
        style="transform-origin: 130px 106px;"
      />
      <path
        class="octo-body"
        d="M115 115s4 2 5 0l14-14c3-2 6-3 8-3-8-11-15-24 2-41 5-5 10-7 16-7 1-2 3-7 12-11 0 0 5 3 7 16 4 2 8 5 12 9s7 8 9 12c14 3 17 7 17 7-4 8-9 11-11 11 0 6-2 11-7 16-16 16-30 10-41 2 0 3-1 7-5 11l-12 11c-1 1 1 5 1 5z"
      />
    </svg>
  </a>
</DocumentFragment>
`;

exports[`should render an <App /> for /us 1`] = `
<DocumentFragment>
  <div />
  <div>
    Loading...
  </div>
  <a
    aria-label="Open GitHub project"
    class="github-corner"
    href="https://github.com/elGatoMantocko/elliott-and-mycah"
    target="_blank"
  >
    <svg
      height="80"
      style="position: absolute; top: 0px; fill: #fff; right: 0px;"
      viewBox="0 0 250 250"
      width="80"
    >
      <path
        class="octo-banner"
        d="M0 0l115 115h15l12 27 108 108V0z"
        fill="#151513"
      />
      <path
        class="octo-arm"
        d="M128 109c-15-9-9-19-9-19 3-7 2-11 2-11-1-7 3-2 3-2 4 5 2 11 2 11-3 10 5 15 9 16"
        style="transform-origin: 130px 106px;"
      />
      <path
        class="octo-body"
        d="M115 115s4 2 5 0l14-14c3-2 6-3 8-3-8-11-15-24 2-41 5-5 10-7 16-7 1-2 3-7 12-11 0 0 5 3 7 16 4 2 8 5 12 9s7 8 9 12c14 3 17 7 17 7-4 8-9 11-11 11 0 6-2 11-7 16-16 16-30 10-41 2 0 3-1 7-5 11l-12 11c-1 1 1 5 1 5z"
      />
    </svg>
  </a>
</DocumentFragment>
`;

exports[`should render an <App /> for /wedding 1`] = `
<DocumentFragment>
  <div />
  <div>
    Loading...
  </div>
  <a
    aria-label="Open GitHub project"
    class="github-corner"
    href="https://github.com/elGatoMantocko/elliott-and-mycah"
    target="_blank"
  >
    <svg
      height="80"
      style="position: absolute; top: 0px; fill: #fff; right: 0px;"
      viewBox="0 0 250 250"
      width="80"
    >
      <path
        class="octo-banner"
        d="M0 0l115 115h15l12 27 108 108V0z"
        fill="#151513"
      />
      <path
        class="octo-arm"
        d="M128 109c-15-9-9-19-9-19 3-7 2-11 2-11-1-7 3-2 3-2 4 5 2 11 2 11-3 10 5 15 9 16"
        style="transform-origin: 130px 106px;"
      />
      <path
        class="octo-body"
        d="M115 115s4 2 5 0l14-14c3-2 6-3 8-3-8-11-15-24 2-41 5-5 10-7 16-7 1-2 3-7 12-11 0 0 5 3 7 16 4 2 8 5 12 9s7 8 9 12c14 3 17 7 17 7-4 8-9 11-11 11 0 6-2 11-7 16-16 16-30 10-41 2 0 3-1 7-5 11l-12 11c-1 1 1 5 1 5z"
      />
    </svg>
  </a>
</DocumentFragment>
`;
